// Jest Snapshot v1, https://goo.gl/fbAQLP

exports[`mq receives 1`] = `"{\\"level\\":\\"info\\",\\"message\\":\\"INFO TEST\\"}{\\"level\\":\\"debug\\",\\"message\\":\\"DEBUG TEST\\"}{\\"level\\":\\"silly\\",\\"message\\":\\"SILLY TEST\\"}{\\"level\\":\\"verbose\\",\\"message\\":\\"VERBOSE TEST\\"}{\\"level\\":\\"warn\\",\\"message\\":\\"WARN TEST\\"}{\\"level\\":\\"error\\",\\"message\\":\\"ERROR TEST\\"}"`;
